Archive member included because of file (symbol)

f:/embedded systems diploma/imt es diploma/00-tools/03-imt sdk/03- imt sdk/imt_sdk_win_64/imt_sdk_win_64/winavr/bin/../lib/gcc/avr/4.3.3/avr5\libgcc.a(_mulsi3.o)
                              ./MAP_program.o (__mulsi3)
f:/embedded systems diploma/imt es diploma/00-tools/03-imt sdk/03- imt sdk/imt_sdk_win_64/imt_sdk_win_64/winavr/bin/../lib/gcc/avr/4.3.3/avr5\libgcc.a(_udivmodhi4.o)
                              ./TIMER_program.o (__udivmodhi4)
f:/embedded systems diploma/imt es diploma/00-tools/03-imt sdk/03- imt sdk/imt_sdk_win_64/imt_sdk_win_64/winavr/bin/../lib/gcc/avr/4.3.3/avr5\libgcc.a(_divmodhi4.o)
                              ./TIMER_program.o (__divmodhi4)
f:/embedded systems diploma/imt es diploma/00-tools/03-imt sdk/03- imt sdk/imt_sdk_win_64/imt_sdk_win_64/winavr/bin/../lib/gcc/avr/4.3.3/avr5\libgcc.a(_udivmodsi4.o)
                              ./CLCD_program.o (__udivmodsi4)
f:/embedded systems diploma/imt es diploma/00-tools/03-imt sdk/03- imt sdk/imt_sdk_win_64/imt_sdk_win_64/winavr/bin/../lib/gcc/avr/4.3.3/avr5\libgcc.a(_divmodsi4.o)
                              ./MAP_program.o (__divmodsi4)
f:/embedded systems diploma/imt es diploma/00-tools/03-imt sdk/03- imt sdk/imt_sdk_win_64/imt_sdk_win_64/winavr/bin/../lib/gcc/avr/4.3.3/avr5\libgcc.a(_exit.o)
                              f:/embedded systems diploma/imt es diploma/00-tools/03-imt sdk/03- imt sdk/imt_sdk_win_64/imt_sdk_win_64/winavr/bin/../lib/gcc/avr/4.3.3/../../../../avr/lib/avr5/crtm16.o (exit)
f:/embedded systems diploma/imt es diploma/00-tools/03-imt sdk/03- imt sdk/imt_sdk_win_64/imt_sdk_win_64/winavr/bin/../lib/gcc/avr/4.3.3/avr5\libgcc.a(_copy_data.o)
                              ./main.o (__do_copy_data)
f:/embedded systems diploma/imt es diploma/00-tools/03-imt sdk/03- imt sdk/imt_sdk_win_64/imt_sdk_win_64/winavr/bin/../lib/gcc/avr/4.3.3/avr5\libgcc.a(_clear_bss.o)
                              ./CLCD_program.o (__do_clear_bss)
f:/embedded systems diploma/imt es diploma/00-tools/03-imt sdk/03- imt sdk/imt_sdk_win_64/imt_sdk_win_64/winavr/bin/../lib/gcc/avr/4.3.3/avr5\libgcc.a(_fixunssfsi.o)
                              ./CLCD_program.o (__fixunssfsi)
f:/embedded systems diploma/imt es diploma/00-tools/03-imt sdk/03- imt sdk/imt_sdk_win_64/imt_sdk_win_64/winavr/bin/../lib/gcc/avr/4.3.3/avr5\libgcc.a(_addsub_sf.o)
                              f:/embedded systems diploma/imt es diploma/00-tools/03-imt sdk/03- imt sdk/imt_sdk_win_64/imt_sdk_win_64/winavr/bin/../lib/gcc/avr/4.3.3/avr5\libgcc.a(_fixunssfsi.o) (__subsf3)
f:/embedded systems diploma/imt es diploma/00-tools/03-imt sdk/03- imt sdk/imt_sdk_win_64/imt_sdk_win_64/winavr/bin/../lib/gcc/avr/4.3.3/avr5\libgcc.a(_mul_sf.o)
                              ./CLCD_program.o (__mulsf3)
f:/embedded systems diploma/imt es diploma/00-tools/03-imt sdk/03- imt sdk/imt_sdk_win_64/imt_sdk_win_64/winavr/bin/../lib/gcc/avr/4.3.3/avr5\libgcc.a(_div_sf.o)
                              ./TIMER_program.o (__divsf3)
f:/embedded systems diploma/imt es diploma/00-tools/03-imt sdk/03- imt sdk/imt_sdk_win_64/imt_sdk_win_64/winavr/bin/../lib/gcc/avr/4.3.3/avr5\libgcc.a(_gt_sf.o)
                              ./CLCD_program.o (__gtsf2)
f:/embedded systems diploma/imt es diploma/00-tools/03-imt sdk/03- imt sdk/imt_sdk_win_64/imt_sdk_win_64/winavr/bin/../lib/gcc/avr/4.3.3/avr5\libgcc.a(_ge_sf.o)
                              f:/embedded systems diploma/imt es diploma/00-tools/03-imt sdk/03- imt sdk/imt_sdk_win_64/imt_sdk_win_64/winavr/bin/../lib/gcc/avr/4.3.3/avr5\libgcc.a(_fixunssfsi.o) (__gesf2)
f:/embedded systems diploma/imt es diploma/00-tools/03-imt sdk/03- imt sdk/imt_sdk_win_64/imt_sdk_win_64/winavr/bin/../lib/gcc/avr/4.3.3/avr5\libgcc.a(_lt_sf.o)
                              ./CLCD_program.o (__ltsf2)
f:/embedded systems diploma/imt es diploma/00-tools/03-imt sdk/03- imt sdk/imt_sdk_win_64/imt_sdk_win_64/winavr/bin/../lib/gcc/avr/4.3.3/avr5\libgcc.a(_sf_to_si.o)
                              f:/embedded systems diploma/imt es diploma/00-tools/03-imt sdk/03- imt sdk/imt_sdk_win_64/imt_sdk_win_64/winavr/bin/../lib/gcc/avr/4.3.3/avr5\libgcc.a(_fixunssfsi.o) (__fixsfsi)
f:/embedded systems diploma/imt es diploma/00-tools/03-imt sdk/03- imt sdk/imt_sdk_win_64/imt_sdk_win_64/winavr/bin/../lib/gcc/avr/4.3.3/avr5\libgcc.a(_thenan_sf.o)
                              f:/embedded systems diploma/imt es diploma/00-tools/03-imt sdk/03- imt sdk/imt_sdk_win_64/imt_sdk_win_64/winavr/bin/../lib/gcc/avr/4.3.3/avr5\libgcc.a(_addsub_sf.o) (__thenan_sf)
f:/embedded systems diploma/imt es diploma/00-tools/03-imt sdk/03- imt sdk/imt_sdk_win_64/imt_sdk_win_64/winavr/bin/../lib/gcc/avr/4.3.3/avr5\libgcc.a(_prologue.o)
                              f:/embedded systems diploma/imt es diploma/00-tools/03-imt sdk/03- imt sdk/imt_sdk_win_64/imt_sdk_win_64/winavr/bin/../lib/gcc/avr/4.3.3/avr5\libgcc.a(_addsub_sf.o) (__prologue_saves__)
f:/embedded systems diploma/imt es diploma/00-tools/03-imt sdk/03- imt sdk/imt_sdk_win_64/imt_sdk_win_64/winavr/bin/../lib/gcc/avr/4.3.3/avr5\libgcc.a(_epilogue.o)
                              f:/embedded systems diploma/imt es diploma/00-tools/03-imt sdk/03- imt sdk/imt_sdk_win_64/imt_sdk_win_64/winavr/bin/../lib/gcc/avr/4.3.3/avr5\libgcc.a(_addsub_sf.o) (__epilogue_restores__)
f:/embedded systems diploma/imt es diploma/00-tools/03-imt sdk/03- imt sdk/imt_sdk_win_64/imt_sdk_win_64/winavr/bin/../lib/gcc/avr/4.3.3/avr5\libgcc.a(_pack_sf.o)
                              f:/embedded systems diploma/imt es diploma/00-tools/03-imt sdk/03- imt sdk/imt_sdk_win_64/imt_sdk_win_64/winavr/bin/../lib/gcc/avr/4.3.3/avr5\libgcc.a(_addsub_sf.o) (__pack_f)
f:/embedded systems diploma/imt es diploma/00-tools/03-imt sdk/03- imt sdk/imt_sdk_win_64/imt_sdk_win_64/winavr/bin/../lib/gcc/avr/4.3.3/avr5\libgcc.a(_unpack_sf.o)
                              f:/embedded systems diploma/imt es diploma/00-tools/03-imt sdk/03- imt sdk/imt_sdk_win_64/imt_sdk_win_64/winavr/bin/../lib/gcc/avr/4.3.3/avr5\libgcc.a(_addsub_sf.o) (__unpack_f)
f:/embedded systems diploma/imt es diploma/00-tools/03-imt sdk/03- imt sdk/imt_sdk_win_64/imt_sdk_win_64/winavr/bin/../lib/gcc/avr/4.3.3/avr5\libgcc.a(_fpcmp_parts_sf.o)
                              f:/embedded systems diploma/imt es diploma/00-tools/03-imt sdk/03- imt sdk/imt_sdk_win_64/imt_sdk_win_64/winavr/bin/../lib/gcc/avr/4.3.3/avr5\libgcc.a(_gt_sf.o) (__fpcmp_parts_f)
f:/embedded systems diploma/imt es diploma/00-tools/03-imt sdk/03- imt sdk/imt_sdk_win_64/imt_sdk_win_64/winavr/bin/../lib/gcc/avr/4.3.3/../../../../avr/lib/avr5\libc.a(itoa.o)
                              ./CLCD_program.o (itoa)
f:/embedded systems diploma/imt es diploma/00-tools/03-imt sdk/03- imt sdk/imt_sdk_win_64/imt_sdk_win_64/winavr/bin/../lib/gcc/avr/4.3.3/../../../../avr/lib/avr5\libc.a(strrev.o)
                              f:/embedded systems diploma/imt es diploma/00-tools/03-imt sdk/03- imt sdk/imt_sdk_win_64/imt_sdk_win_64/winavr/bin/../lib/gcc/avr/4.3.3/../../../../avr/lib/avr5\libc.a(itoa.o) (strrev)

Allocating common symbols
Common symbol       size              file

SPI_VALUE           0x1               ./main.o
TIMER1_u8MODEPWM    0x1               ./TIMER_program.o
TIMER0_f32PreloodValue
                    0x4               ./TIMER_program.o
TIMER0_f32OVCounterTmp
                    0x4               ./TIMER_program.o
TIMER0_u16Prescaller
                    0x4               ./TIMER_program.o
TIMER2_f32OVCounter
                    0x4               ./TIMER_program.o
TIMER2_u16Prescaller
                    0x4               ./TIMER_program.o
TIMER0_f32CounterCTC
                    0x4               ./TIMER_program.o
TIMER2_f32CounterCTC
                    0x4               ./TIMER_program.o
TIMER2_f32PreloodValue
                    0x4               ./TIMER_program.o

Memory Configuration

Name             Origin             Length             Attributes
text             0x00000000         0x00020000         xr
data             0x00800060         0x0000ffa0         rw !x
eeprom           0x00810000         0x00010000         rw !x
fuse             0x00820000         0x00000400         rw !x
lock             0x00830000         0x00000400         rw !x
signature        0x00840000         0x00000400         rw !x
*default*        0x00000000         0xffffffff

Linker script and memory map

LOAD f:/embedded systems diploma/imt es diploma/00-tools/03-imt sdk/03- imt sdk/imt_sdk_win_64/imt_sdk_win_64/winavr/bin/../lib/gcc/avr/4.3.3/../../../../avr/lib/avr5/crtm16.o
LOAD ./CLCD_program.o
LOAD ./DIO_program.o
LOAD ./EEPROM_program.o
LOAD ./GIE_program.o
LOAD ./KPD_program.o
LOAD ./MAP_program.o
LOAD ./SPI_program.o
LOAD ./SvM_program.o
LOAD ./TIMER_program.o
LOAD ./main.o
LOAD f:/embedded systems diploma/imt es diploma/00-tools/03-imt sdk/03- imt sdk/imt_sdk_win_64/imt_sdk_win_64/winavr/bin/../lib/gcc/avr/4.3.3/avr5\libgcc.a
LOAD f:/embedded systems diploma/imt es diploma/00-tools/03-imt sdk/03- imt sdk/imt_sdk_win_64/imt_sdk_win_64/winavr/bin/../lib/gcc/avr/4.3.3/../../../../avr/lib/avr5\libc.a
LOAD f:/embedded systems diploma/imt es diploma/00-tools/03-imt sdk/03- imt sdk/imt_sdk_win_64/imt_sdk_win_64/winavr/bin/../lib/gcc/avr/4.3.3/avr5\libgcc.a

.hash
 *(.hash)

.dynsym
 *(.dynsym)

.dynstr
 *(.dynstr)

.gnu.version
 *(.gnu.version)

.gnu.version_d
 *(.gnu.version_d)

.gnu.version_r
 *(.gnu.version_r)

.rel.init
 *(.rel.init)

.rela.init
 *(.rela.init)

.rel.text
 *(.rel.text)
 *(.rel.text.*)
 *(.rel.gnu.linkonce.t*)

.rela.text
 *(.rela.text)
 *(.rela.text.*)
 *(.rela.gnu.linkonce.t*)

.rel.fini
 *(.rel.fini)

.rela.fini
 *(.rela.fini)

.rel.rodata
 *(.rel.rodata)
 *(.rel.rodata.*)
 *(.rel.gnu.linkonce.r*)

.rela.rodata
 *(.rela.rodata)
 *(.rela.rodata.*)
 *(.rela.gnu.linkonce.r*)

.rel.data
 *(.rel.data)
 *(.rel.data.*)
 *(.rel.gnu.linkonce.d*)

.rela.data
 *(.rela.data)
 *(.rela.data.*)
 *(.rela.gnu.linkonce.d*)

.rel.ctors
 *(.rel.ctors)

.rela.ctors
 *(.rela.ctors)

.rel.dtors
 *(.rel.dtors)

.rela.dtors
 *(.rela.dtors)

.rel.got
 *(.rel.got)

.rela.got
 *(.rela.got)

.rel.bss
 *(.rel.bss)

.rela.bss
 *(.rela.bss)

.rel.plt
 *(.rel.plt)

.rela.plt
 *(.rela.plt)

.text           0x00000000     0x64b6
 *(.vectors)
 .vectors       0x00000000       0x54 f:/embedded systems diploma/imt es diploma/00-tools/03-imt sdk/03- imt sdk/imt_sdk_win_64/imt_sdk_win_64/winavr/bin/../lib/gcc/avr/4.3.3/../../../../avr/lib/avr5/crtm16.o
                0x00000000                __vectors
                0x00000000                __vector_default
 *(.vectors)
 *(.progmem.gcc*)
 *(.progmem*)
                0x00000054                . = ALIGN (0x2)
                0x00000054                __trampolines_start = .
 *(.trampolines)
 .trampolines   0x00000054        0x0 linker stubs
 *(.trampolines*)
                0x00000054                __trampolines_end = .
 *(.jumptables)
 *(.jumptables*)
 *(.lowtext)
 *(.lowtext*)
                0x00000054                __ctors_start = .
 *(.ctors)
                0x00000054                __ctors_end = .
                0x00000054                __dtors_start = .
 *(.dtors)
                0x00000054                __dtors_end = .
 SORT(*)(.ctors)
 SORT(*)(.dtors)
 *(.init0)
 .init0         0x00000054        0x0 f:/embedded systems diploma/imt es diploma/00-tools/03-imt sdk/03- imt sdk/imt_sdk_win_64/imt_sdk_win_64/winavr/bin/../lib/gcc/avr/4.3.3/../../../../avr/lib/avr5/crtm16.o
                0x00000054                __init
 *(.init0)
 *(.init1)
 *(.init1)
 *(.init2)
 .init2         0x00000054        0xc f:/embedded systems diploma/imt es diploma/00-tools/03-imt sdk/03- imt sdk/imt_sdk_win_64/imt_sdk_win_64/winavr/bin/../lib/gcc/avr/4.3.3/../../../../avr/lib/avr5/crtm16.o
 *(.init2)
 *(.init3)
 *(.init3)
 *(.init4)
 .init4         0x00000060       0x16 f:/embedded systems diploma/imt es diploma/00-tools/03-imt sdk/03- imt sdk/imt_sdk_win_64/imt_sdk_win_64/winavr/bin/../lib/gcc/avr/4.3.3/avr5\libgcc.a(_copy_data.o)
                0x00000060                __do_copy_data
 .init4         0x00000076       0x10 f:/embedded systems diploma/imt es diploma/00-tools/03-imt sdk/03- imt sdk/imt_sdk_win_64/imt_sdk_win_64/winavr/bin/../lib/gcc/avr/4.3.3/avr5\libgcc.a(_clear_bss.o)
                0x00000076                __do_clear_bss
 *(.init4)
 *(.init5)
 *(.init5)
 *(.init6)
 *(.init6)
 *(.init7)
 *(.init7)
 *(.init8)
 *(.init8)
 *(.init9)
 .init9         0x00000086        0x8 f:/embedded systems diploma/imt es diploma/00-tools/03-imt sdk/03- imt sdk/imt_sdk_win_64/imt_sdk_win_64/winavr/bin/../lib/gcc/avr/4.3.3/../../../../avr/lib/avr5/crtm16.o
 *(.init9)
 *(.text)
 .text          0x0000008e        0x4 f:/embedded systems diploma/imt es diploma/00-tools/03-imt sdk/03- imt sdk/imt_sdk_win_64/imt_sdk_win_64/winavr/bin/../lib/gcc/avr/4.3.3/../../../../avr/lib/avr5/crtm16.o
                0x0000008e                __vector_1
                0x0000008e                __vector_12
                0x0000008e                __bad_interrupt
                0x0000008e                __vector_3
                0x0000008e                __vector_11
                0x0000008e                __vector_13
                0x0000008e                __vector_17
                0x0000008e                __vector_19
                0x0000008e                __vector_7
                0x0000008e                __vector_9
                0x0000008e                __vector_2
                0x0000008e                __vector_15
                0x0000008e                __vector_8
                0x0000008e                __vector_14
                0x0000008e                __vector_16
                0x0000008e                __vector_18
                0x0000008e                __vector_20
 .text          0x00000092        0x0 ./CLCD_program.o
 .text          0x00000092        0x0 ./DIO_program.o
 .text          0x00000092        0x0 ./EEPROM_program.o
 .text          0x00000092        0x0 ./GIE_program.o
 .text          0x00000092        0x0 ./KPD_program.o
 .text          0x00000092        0x0 ./MAP_program.o
 .text          0x00000092        0x0 ./SPI_program.o
 .text          0x00000092        0x0 ./SvM_program.o
 .text          0x00000092        0x0 ./TIMER_program.o
 .text          0x00000092        0x0 ./main.o
 .text          0x00000092        0x0 f:/embedded systems diploma/imt es diploma/00-tools/03-imt sdk/03- imt sdk/imt_sdk_win_64/imt_sdk_win_64/winavr/bin/../lib/gcc/avr/4.3.3/avr5\libgcc.a(_mulsi3.o)
 .text          0x00000092        0x0 f:/embedded systems diploma/imt es diploma/00-tools/03-imt sdk/03- imt sdk/imt_sdk_win_64/imt_sdk_win_64/winavr/bin/../lib/gcc/avr/4.3.3/avr5\libgcc.a(_udivmodhi4.o)
 .text          0x00000092        0x0 f:/embedded systems diploma/imt es diploma/00-tools/03-imt sdk/03- imt sdk/imt_sdk_win_64/imt_sdk_win_64/winavr/bin/../lib/gcc/avr/4.3.3/avr5\libgcc.a(_divmodhi4.o)
 .text          0x00000092        0x0 f:/embedded systems diploma/imt es diploma/00-tools/03-imt sdk/03- imt sdk/imt_sdk_win_64/imt_sdk_win_64/winavr/bin/../lib/gcc/avr/4.3.3/avr5\libgcc.a(_udivmodsi4.o)
 .text          0x00000092        0x0 f:/embedded systems diploma/imt es diploma/00-tools/03-imt sdk/03- imt sdk/imt_sdk_win_64/imt_sdk_win_64/winavr/bin/../lib/gcc/avr/4.3.3/avr5\libgcc.a(_divmodsi4.o)
 .text          0x00000092        0x0 f:/embedded systems diploma/imt es diploma/00-tools/03-imt sdk/03- imt sdk/imt_sdk_win_64/imt_sdk_win_64/winavr/bin/../lib/gcc/avr/4.3.3/avr5\libgcc.a(_exit.o)
 .text          0x00000092        0x0 f:/embedded systems diploma/imt es diploma/00-tools/03-imt sdk/03- imt sdk/imt_sdk_win_64/imt_sdk_win_64/winavr/bin/../lib/gcc/avr/4.3.3/avr5\libgcc.a(_copy_data.o)
 .text          0x00000092        0x0 f:/embedded systems diploma/imt es diploma/00-tools/03-imt sdk/03- imt sdk/imt_sdk_win_64/imt_sdk_win_64/winavr/bin/../lib/gcc/avr/4.3.3/avr5\libgcc.a(_clear_bss.o)
 .text          0x00000092       0x58 f:/embedded systems diploma/imt es diploma/00-tools/03-imt sdk/03- imt sdk/imt_sdk_win_64/imt_sdk_win_64/winavr/bin/../lib/gcc/avr/4.3.3/avr5\libgcc.a(_fixunssfsi.o)
                0x00000092                __fixunssfsi
 .text          0x000000ea      0x354 f:/embedded systems diploma/imt es diploma/00-tools/03-imt sdk/03- imt sdk/imt_sdk_win_64/imt_sdk_win_64/winavr/bin/../lib/gcc/avr/4.3.3/avr5\libgcc.a(_addsub_sf.o)
                0x00000382                __subsf3
                0x000003e4                __addsf3
 .text          0x0000043e      0x1f4 f:/embedded systems diploma/imt es diploma/00-tools/03-imt sdk/03- imt sdk/imt_sdk_win_64/imt_sdk_win_64/winavr/bin/../lib/gcc/avr/4.3.3/avr5\libgcc.a(_mul_sf.o)
                0x0000043e                __mulsf3
 .text          0x00000632      0x158 f:/embedded systems diploma/imt es diploma/00-tools/03-imt sdk/03- imt sdk/imt_sdk_win_64/imt_sdk_win_64/winavr/bin/../lib/gcc/avr/4.3.3/avr5\libgcc.a(_div_sf.o)
                0x00000632                __divsf3
 .text          0x0000078a       0x60 f:/embedded systems diploma/imt es diploma/00-tools/03-imt sdk/03- imt sdk/imt_sdk_win_64/imt_sdk_win_64/winavr/bin/../lib/gcc/avr/4.3.3/avr5\libgcc.a(_gt_sf.o)
                0x0000078a                __gtsf2
 .text          0x000007ea       0x60 f:/embedded systems diploma/imt es diploma/00-tools/03-imt sdk/03- imt sdk/imt_sdk_win_64/imt_sdk_win_64/winavr/bin/../lib/gcc/avr/4.3.3/avr5\libgcc.a(_ge_sf.o)
                0x000007ea                __gesf2
 .text          0x0000084a       0x60 f:/embedded systems diploma/imt es diploma/00-tools/03-imt sdk/03- imt sdk/imt_sdk_win_64/imt_sdk_win_64/winavr/bin/../lib/gcc/avr/4.3.3/avr5\libgcc.a(_lt_sf.o)
                0x0000084a                __ltsf2
 .text          0x000008aa       0xa8 f:/embedded systems diploma/imt es diploma/00-tools/03-imt sdk/03- imt sdk/imt_sdk_win_64/imt_sdk_win_64/winavr/bin/../lib/gcc/avr/4.3.3/avr5\libgcc.a(_sf_to_si.o)
                0x000008aa                __fixsfsi
 .text          0x00000952        0x0 f:/embedded systems diploma/imt es diploma/00-tools/03-imt sdk/03- imt sdk/imt_sdk_win_64/imt_sdk_win_64/winavr/bin/../lib/gcc/avr/4.3.3/avr5\libgcc.a(_thenan_sf.o)
 .text          0x00000952        0x0 f:/embedded systems diploma/imt es diploma/00-tools/03-imt sdk/03- imt sdk/imt_sdk_win_64/imt_sdk_win_64/winavr/bin/../lib/gcc/avr/4.3.3/avr5\libgcc.a(_prologue.o)
 .text          0x00000952        0x0 f:/embedded systems diploma/imt es diploma/00-tools/03-imt sdk/03- imt sdk/imt_sdk_win_64/imt_sdk_win_64/winavr/bin/../lib/gcc/avr/4.3.3/avr5\libgcc.a(_epilogue.o)
 .text          0x00000952      0x1aa f:/embedded systems diploma/imt es diploma/00-tools/03-imt sdk/03- imt sdk/imt_sdk_win_64/imt_sdk_win_64/winavr/bin/../lib/gcc/avr/4.3.3/avr5\libgcc.a(_pack_sf.o)
                0x00000952                __pack_f
 .text          0x00000afc       0xf0 f:/embedded systems diploma/imt es diploma/00-tools/03-imt sdk/03- imt sdk/imt_sdk_win_64/imt_sdk_win_64/winavr/bin/../lib/gcc/avr/4.3.3/avr5\libgcc.a(_unpack_sf.o)
                0x00000afc                __unpack_f
 .text          0x00000bec       0xb2 f:/embedded systems diploma/imt es diploma/00-tools/03-imt sdk/03- imt sdk/imt_sdk_win_64/imt_sdk_win_64/winavr/bin/../lib/gcc/avr/4.3.3/avr5\libgcc.a(_fpcmp_parts_sf.o)
                0x00000bec                __fpcmp_parts_f
 .text          0x00000c9e        0x0 f:/embedded systems diploma/imt es diploma/00-tools/03-imt sdk/03- imt sdk/imt_sdk_win_64/imt_sdk_win_64/winavr/bin/../lib/gcc/avr/4.3.3/../../../../avr/lib/avr5\libc.a(itoa.o)
 .text          0x00000c9e        0x0 f:/embedded systems diploma/imt es diploma/00-tools/03-imt sdk/03- imt sdk/imt_sdk_win_64/imt_sdk_win_64/winavr/bin/../lib/gcc/avr/4.3.3/../../../../avr/lib/avr5\libc.a(strrev.o)
                0x00000c9e                . = ALIGN (0x2)
 *(.text.*)
 .text.CLCD_voidSendCommand
                0x00000c9e      0x8ae ./CLCD_program.o
                0x00000c9e                CLCD_voidSendCommand
 .text.CLCD_voidSendData
                0x0000154c      0x8ae ./CLCD_program.o
                0x0000154c                CLCD_voidSendData
 .text.CLCD_voidInit
                0x00001dfa      0x16e ./CLCD_program.o
                0x00001dfa                CLCD_voidInit
 .text.CLCD_voidSendString
                0x00001f68       0x52 ./CLCD_program.o
                0x00001f68                CLCD_voidSendString
 .text.CLCD_voidGoToXY
                0x00001fba       0x80 ./CLCD_program.o
                0x00001fba                CLCD_voidGoToXY
 .text.CLCD_voidSendStringGoToXY
                0x0000203a       0x32 ./CLCD_program.o
                0x0000203a                CLCD_voidSendStringGoToXY
 .text.CLCD_voidWriteSpecialCharacter
                0x0000206c       0x8c ./CLCD_program.o
                0x0000206c                CLCD_voidWriteSpecialCharacter
 .text.CLCD_voidSendNumber
                0x000020f8       0xd2 ./CLCD_program.o
                0x000020f8                CLCD_voidSendNumber
 .text.CLCD_voidIntegerToString
                0x000021ca       0x46 ./CLCD_program.o
                0x000021ca                CLCD_voidIntegerToString
 .text.CLCD_voidClearScreen
                0x00002210       0x14 ./CLCD_program.o
                0x00002210                CLCD_voidClearScreen
 .text.DIO_voidInit
                0x00002224       0x86 ./DIO_program.o
                0x00002224                DIO_voidInit
 .text.DIO_u8SetPinDirection
                0x000022aa      0x3ae ./DIO_program.o
                0x000022aa                DIO_u8SetPinDirection
 .text.DIO_u8SetPortDirection
                0x00002658       0x90 ./DIO_program.o
                0x00002658                DIO_u8SetPortDirection
 .text.DIO_u8SetPinValue
                0x000026e8      0x224 ./DIO_program.o
                0x000026e8                DIO_u8SetPinValue
 .text.DIO_u8SetPortValue
                0x0000290c       0x90 ./DIO_program.o
                0x0000290c                DIO_u8SetPortValue
 .text.DIO_u8TogglePinValue
                0x0000299c      0x108 ./DIO_program.o
                0x0000299c                DIO_u8TogglePinValue
 .text.DIO_u8GetPinValue
                0x00002aa4      0x130 ./DIO_program.o
                0x00002aa4                DIO_u8GetPinValue
 .text.DIO_u8GetPortValue
                0x00002bd4       0xba ./DIO_program.o
                0x00002bd4                DIO_u8GetPortValue
 .text.EEPROM_enuWriteData
                0x00002c8e       0x68 ./EEPROM_program.o
                0x00002c8e                EEPROM_enuWriteData
 .text.EEPROM_u8ReadeData
                0x00002cf6       0x38 ./EEPROM_program.o
                0x00002cf6                EEPROM_u8ReadeData
 .text.GIE_voidEnable
                0x00002d2e       0x1c ./GIE_program.o
                0x00002d2e                GIE_voidEnable
 .text.GIE_voidDisable
                0x00002d4a       0x1c ./GIE_program.o
                0x00002d4a                GIE_voidDisable
 .text.KPD_voidInit
                0x00002d66       0x86 ./KPD_program.o
                0x00002d66                KPD_voidInit
 .text.KPD_u8GetPressedKey
                0x00002dec       0xb0 ./KPD_program.o
                0x00002dec                KPD_u8GetPressedKey
 .text.Keypad_4x4_adjustKeyNumber
                0x00002e9c      0x154 ./KPD_program.o
 .text.Map      0x00002ff0      0x122 ./MAP_program.o
                0x00002ff0                Map
 .text.SPI_voidInitMaster
                0x00003112       0x7c ./SPI_program.o
                0x00003112                SPI_voidInitMaster
 .text.SPI_voidInitSlave
                0x0000318e       0x52 ./SPI_program.o
                0x0000318e                SPI_voidInitSlave
 .text.SPI_voidTransferByte
                0x000031e0       0x26 ./SPI_program.o
                0x000031e0                SPI_voidTransferByte
 .text.SPI_u8ReceiveByte
                0x00003206       0x1e ./SPI_program.o
                0x00003206                SPI_u8ReceiveByte
 .text.SPI_u8Transceive
                0x00003224       0x2c ./SPI_program.o
                0x00003224                SPI_u8Transceive
 .text.SPI_voidEnableInterrupt
                0x00003250       0x1c ./SPI_program.o
                0x00003250                SPI_voidEnableInterrupt
 .text.SPI_voidDisableInterrupt
                0x0000326c       0x1c ./SPI_program.o
                0x0000326c                SPI_voidDisableInterrupt
 .text.SPI_voidSetCallBack
                0x00003288       0x24 ./SPI_program.o
                0x00003288                SPI_voidSetCallBack
 .text.__vector_10
                0x000032ac       0x5a ./SPI_program.o
                0x000032ac                __vector_10
 .text.SERVO_voidTimer1InitOCR1AB
                0x00003306       0x34 ./SvM_program.o
                0x00003306                SERVO_voidTimer1InitOCR1AB
 .text.SERVO_voidTimer1InitOCR1B
                0x0000333a       0x2a ./SvM_program.o
                0x0000333a                SERVO_voidTimer1InitOCR1B
 .text.SERVO_voidTimer1ServoSetAngleOCR1A
                0x00003364       0xb6 ./SvM_program.o
                0x00003364                SERVO_voidTimer1ServoSetAngleOCR1A
 .text.SERVO_voidTimer1ServoSetAngleOCR1B
                0x0000341a       0xb6 ./SvM_program.o
                0x0000341a                SERVO_voidTimer1ServoSetAngleOCR1B
 .text.TIMER_voidTimer0Init
                0x000034d0       0x88 ./TIMER_program.o
                0x000034d0                TIMER_voidTimer0Init
 .text.TIMER_voidTimer0Delay
                0x00003558       0x2c ./TIMER_program.o
                0x00003558                TIMER_voidTimer0Delay
 .text.TIMER_voidTimer0GeneratePWM
                0x00003584       0x82 ./TIMER_program.o
                0x00003584                TIMER_voidTimer0GeneratePWM
 .text.TIMER_voidTimer2Init
                0x00003606       0x88 ./TIMER_program.o
                0x00003606                TIMER_voidTimer2Init
 .text.TIMER_voidTimer2Delay
                0x0000368e       0x2c ./TIMER_program.o
                0x0000368e                TIMER_voidTimer2Delay
 .text.TIMER_voidTimer2GeneratePWM
                0x000036ba       0x82 ./TIMER_program.o
                0x000036ba                TIMER_voidTimer2GeneratePWM
 .text.__vector_5
                0x0000373c       0xb2 ./TIMER_program.o
                0x0000373c                __vector_5
 .text.__vector_4
                0x000037ee       0x9c ./TIMER_program.o
                0x000037ee                __vector_4
 .text.TIMER_voidTimer1Enable
                0x0000388a      0x6b6 ./TIMER_program.o
                0x0000388a                TIMER_voidTimer1Enable
 .text.TIMER_voidTimer1GeneratePWMOCR1A
                0x00003f40      0x1ae ./TIMER_program.o
                0x00003f40                TIMER_voidTimer1GeneratePWMOCR1A
 .text.TIMER_voidTimer1GeneratePWMOCR1B
                0x000040ee      0x1ae ./TIMER_program.o
                0x000040ee                TIMER_voidTimer1GeneratePWMOCR1B
 .text.TIMER_voidTimer1SetOCR1A
                0x0000429c       0x2e ./TIMER_program.o
                0x0000429c                TIMER_voidTimer1SetOCR1A
 .text.TIMER_voidTimer1SetOCR1B
                0x000042ca       0x2e ./TIMER_program.o
                0x000042ca                TIMER_voidTimer1SetOCR1B
 .text.TIMER_voidTimer1SetICR1
                0x000042f8       0x2e ./TIMER_program.o
                0x000042f8                TIMER_voidTimer1SetICR1
 .text.TIMER_voidTimer1ICUInit
                0x00004326       0x54 ./TIMER_program.o
                0x00004326                TIMER_voidTimer1ICUInit
 .text.TIMER_voidTimer1ICUSetTriggerEdge
                0x0000437a       0x3e ./TIMER_program.o
                0x0000437a                TIMER_voidTimer1ICUSetTriggerEdge
 .text.TIMER_voidTimer1ICUGetInputCaptureValue
                0x000043b8       0x16 ./TIMER_program.o
                0x000043b8                TIMER_voidTimer1ICUGetInputCaptureValue
 .text.TIMER_voidTimer1ICUSetCallBack
                0x000043ce       0x24 ./TIMER_program.o
                0x000043ce                TIMER_voidTimer1ICUSetCallBack
 .text.TIMER_voidClearTimer1Value
                0x000043f2       0x16 ./TIMER_program.o
                0x000043f2                TIMER_voidClearTimer1Value
 .text.__vector_6
                0x00004408       0x66 ./TIMER_program.o
                0x00004408                __vector_6
 .text.main     0x0000446e     0x1d6c ./main.o
                0x0000446e                main
 .text.FUNC_voidCallBack
                0x000061da      0x102 ./main.o
                0x000061da                FUNC_voidCallBack
 .text.libgcc   0x000062dc       0x3e f:/embedded systems diploma/imt es diploma/00-tools/03-imt sdk/03- imt sdk/imt_sdk_win_64/imt_sdk_win_64/winavr/bin/../lib/gcc/avr/4.3.3/avr5\libgcc.a(_mulsi3.o)
                0x000062dc                __mulsi3
 .text.libgcc   0x0000631a       0x28 f:/embedded systems diploma/imt es diploma/00-tools/03-imt sdk/03- imt sdk/imt_sdk_win_64/imt_sdk_win_64/winavr/bin/../lib/gcc/avr/4.3.3/avr5\libgcc.a(_udivmodhi4.o)
                0x0000631a                __udivmodhi4
 .text.libgcc   0x00006342       0x26 f:/embedded systems diploma/imt es diploma/00-tools/03-imt sdk/03- imt sdk/imt_sdk_win_64/imt_sdk_win_64/winavr/bin/../lib/gcc/avr/4.3.3/avr5\libgcc.a(_divmodhi4.o)
                0x00006342                __divmodhi4
                0x00006342                _div
 .text.libgcc   0x00006368       0x44 f:/embedded systems diploma/imt es diploma/00-tools/03-imt sdk/03- imt sdk/imt_sdk_win_64/imt_sdk_win_64/winavr/bin/../lib/gcc/avr/4.3.3/avr5\libgcc.a(_udivmodsi4.o)
                0x00006368                __udivmodsi4
 .text.libgcc   0x000063ac       0x36 f:/embedded systems diploma/imt es diploma/00-tools/03-imt sdk/03- imt sdk/imt_sdk_win_64/imt_sdk_win_64/winavr/bin/../lib/gcc/avr/4.3.3/avr5\libgcc.a(_divmodsi4.o)
                0x000063ac                __divmodsi4
 .text.libgcc   0x000063e2        0x0 f:/embedded systems diploma/imt es diploma/00-tools/03-imt sdk/03- imt sdk/imt_sdk_win_64/imt_sdk_win_64/winavr/bin/../lib/gcc/avr/4.3.3/avr5\libgcc.a(_exit.o)
 .text.libgcc   0x000063e2        0x0 f:/embedded systems diploma/imt es diploma/00-tools/03-imt sdk/03- imt sdk/imt_sdk_win_64/imt_sdk_win_64/winavr/bin/../lib/gcc/avr/4.3.3/avr5\libgcc.a(_copy_data.o)
 .text.libgcc   0x000063e2        0x0 f:/embedded systems diploma/imt es diploma/00-tools/03-imt sdk/03- imt sdk/imt_sdk_win_64/imt_sdk_win_64/winavr/bin/../lib/gcc/avr/4.3.3/avr5\libgcc.a(_clear_bss.o)
 .text.libgcc   0x000063e2       0x38 f:/embedded systems diploma/imt es diploma/00-tools/03-imt sdk/03- imt sdk/imt_sdk_win_64/imt_sdk_win_64/winavr/bin/../lib/gcc/avr/4.3.3/avr5\libgcc.a(_prologue.o)
                0x000063e2                __prologue_saves__
 .text.libgcc   0x0000641a       0x36 f:/embedded systems diploma/imt es diploma/00-tools/03-imt sdk/03- imt sdk/imt_sdk_win_64/imt_sdk_win_64/winavr/bin/../lib/gcc/avr/4.3.3/avr5\libgcc.a(_epilogue.o)
                0x0000641a                __epilogue_restores__
 .text.avr-libc
                0x00006450       0x42 f:/embedded systems diploma/imt es diploma/00-tools/03-imt sdk/03- imt sdk/imt_sdk_win_64/imt_sdk_win_64/winavr/bin/../lib/gcc/avr/4.3.3/../../../../avr/lib/avr5\libc.a(itoa.o)
                0x00006450                itoa
 .text.avr-libc
                0x00006492       0x20 f:/embedded systems diploma/imt es diploma/00-tools/03-imt sdk/03- imt sdk/imt_sdk_win_64/imt_sdk_win_64/winavr/bin/../lib/gcc/avr/4.3.3/../../../../avr/lib/avr5\libc.a(strrev.o)
                0x00006492                strrev
                0x000064b2                . = ALIGN (0x2)
 *(.fini9)
 .fini9         0x000064b2        0x0 f:/embedded systems diploma/imt es diploma/00-tools/03-imt sdk/03- imt sdk/imt_sdk_win_64/imt_sdk_win_64/winavr/bin/../lib/gcc/avr/4.3.3/avr5\libgcc.a(_exit.o)
                0x000064b2                exit
                0x000064b2                _exit
 *(.fini9)
 *(.fini8)
 *(.fini8)
 *(.fini7)
 *(.fini7)
 *(.fini6)
 *(.fini6)
 *(.fini5)
 *(.fini5)
 *(.fini4)
 *(.fini4)
 *(.fini3)
 *(.fini3)
 *(.fini2)
 *(.fini2)
 *(.fini1)
 *(.fini1)
 *(.fini0)
 .fini0         0x000064b2        0x4 f:/embedded systems diploma/imt es diploma/00-tools/03-imt sdk/03- imt sdk/imt_sdk_win_64/imt_sdk_win_64/winavr/bin/../lib/gcc/avr/4.3.3/avr5\libgcc.a(_exit.o)
 *(.fini0)
                0x000064b6                _etext = .

.data           0x00800060       0xd6 load address 0x000064b6
                0x00800060                PROVIDE (__data_start, .)
 *(.data)
 .data          0x00800060        0x0 f:/embedded systems diploma/imt es diploma/00-tools/03-imt sdk/03- imt sdk/imt_sdk_win_64/imt_sdk_win_64/winavr/bin/../lib/gcc/avr/4.3.3/../../../../avr/lib/avr5/crtm16.o
 .data          0x00800060        0x0 ./CLCD_program.o
 .data          0x00800060        0x0 ./DIO_program.o
 .data          0x00800060        0x0 ./EEPROM_program.o
 .data          0x00800060        0x0 ./GIE_program.o
 .data          0x00800060        0x0 ./KPD_program.o
 .data          0x00800060        0x0 ./MAP_program.o
 .data          0x00800060        0x0 ./SPI_program.o
 .data          0x00800060        0x0 ./SvM_program.o
 .data          0x00800060        0x0 ./TIMER_program.o
 .data          0x00800060       0xcd ./main.o
 .data          0x0080012d        0x0 f:/embedded systems diploma/imt es diploma/00-tools/03-imt sdk/03- imt sdk/imt_sdk_win_64/imt_sdk_win_64/winavr/bin/../lib/gcc/avr/4.3.3/avr5\libgcc.a(_mulsi3.o)
 .data          0x0080012d        0x0 f:/embedded systems diploma/imt es diploma/00-tools/03-imt sdk/03- imt sdk/imt_sdk_win_64/imt_sdk_win_64/winavr/bin/../lib/gcc/avr/4.3.3/avr5\libgcc.a(_udivmodhi4.o)
 .data          0x0080012d        0x0 f:/embedded systems diploma/imt es diploma/00-tools/03-imt sdk/03- imt sdk/imt_sdk_win_64/imt_sdk_win_64/winavr/bin/../lib/gcc/avr/4.3.3/avr5\libgcc.a(_divmodhi4.o)
 .data          0x0080012d        0x0 f:/embedded systems diploma/imt es diploma/00-tools/03-imt sdk/03- imt sdk/imt_sdk_win_64/imt_sdk_win_64/winavr/bin/../lib/gcc/avr/4.3.3/avr5\libgcc.a(_udivmodsi4.o)
 .data          0x0080012d        0x0 f:/embedded systems diploma/imt es diploma/00-tools/03-imt sdk/03- imt sdk/imt_sdk_win_64/imt_sdk_win_64/winavr/bin/../lib/gcc/avr/4.3.3/avr5\libgcc.a(_divmodsi4.o)
 .data          0x0080012d        0x0 f:/embedded systems diploma/imt es diploma/00-tools/03-imt sdk/03- imt sdk/imt_sdk_win_64/imt_sdk_win_64/winavr/bin/../lib/gcc/avr/4.3.3/avr5\libgcc.a(_exit.o)
 .data          0x0080012d        0x0 f:/embedded systems diploma/imt es diploma/00-tools/03-imt sdk/03- imt sdk/imt_sdk_win_64/imt_sdk_win_64/winavr/bin/../lib/gcc/avr/4.3.3/avr5\libgcc.a(_copy_data.o)
 .data          0x0080012d        0x0 f:/embedded systems diploma/imt es diploma/00-tools/03-imt sdk/03- imt sdk/imt_sdk_win_64/imt_sdk_win_64/winavr/bin/../lib/gcc/avr/4.3.3/avr5\libgcc.a(_clear_bss.o)
 .data          0x0080012d        0x0 f:/embedded systems diploma/imt es diploma/00-tools/03-imt sdk/03- imt sdk/imt_sdk_win_64/imt_sdk_win_64/winavr/bin/../lib/gcc/avr/4.3.3/avr5\libgcc.a(_fixunssfsi.o)
 .data          0x0080012d        0x0 f:/embedded systems diploma/imt es diploma/00-tools/03-imt sdk/03- imt sdk/imt_sdk_win_64/imt_sdk_win_64/winavr/bin/../lib/gcc/avr/4.3.3/avr5\libgcc.a(_addsub_sf.o)
 .data          0x0080012d        0x0 f:/embedded systems diploma/imt es diploma/00-tools/03-imt sdk/03- imt sdk/imt_sdk_win_64/imt_sdk_win_64/winavr/bin/../lib/gcc/avr/4.3.3/avr5\libgcc.a(_mul_sf.o)
 .data          0x0080012d        0x0 f:/embedded systems diploma/imt es diploma/00-tools/03-imt sdk/03- imt sdk/imt_sdk_win_64/imt_sdk_win_64/winavr/bin/../lib/gcc/avr/4.3.3/avr5\libgcc.a(_div_sf.o)
 .data          0x0080012d        0x0 f:/embedded systems diploma/imt es diploma/00-tools/03-imt sdk/03- imt sdk/imt_sdk_win_64/imt_sdk_win_64/winavr/bin/../lib/gcc/avr/4.3.3/avr5\libgcc.a(_gt_sf.o)
 .data          0x0080012d        0x0 f:/embedded systems diploma/imt es diploma/00-tools/03-imt sdk/03- imt sdk/imt_sdk_win_64/imt_sdk_win_64/winavr/bin/../lib/gcc/avr/4.3.3/avr5\libgcc.a(_ge_sf.o)
 .data          0x0080012d        0x0 f:/embedded systems diploma/imt es diploma/00-tools/03-imt sdk/03- imt sdk/imt_sdk_win_64/imt_sdk_win_64/winavr/bin/../lib/gcc/avr/4.3.3/avr5\libgcc.a(_lt_sf.o)
 .data          0x0080012d        0x0 f:/embedded systems diploma/imt es diploma/00-tools/03-imt sdk/03- imt sdk/imt_sdk_win_64/imt_sdk_win_64/winavr/bin/../lib/gcc/avr/4.3.3/avr5\libgcc.a(_sf_to_si.o)
 .data          0x0080012d        0x8 f:/embedded systems diploma/imt es diploma/00-tools/03-imt sdk/03- imt sdk/imt_sdk_win_64/imt_sdk_win_64/winavr/bin/../lib/gcc/avr/4.3.3/avr5\libgcc.a(_thenan_sf.o)
                0x0080012d                __thenan_sf
 .data          0x00800135        0x0 f:/embedded systems diploma/imt es diploma/00-tools/03-imt sdk/03- imt sdk/imt_sdk_win_64/imt_sdk_win_64/winavr/bin/../lib/gcc/avr/4.3.3/avr5\libgcc.a(_prologue.o)
 .data          0x00800135        0x0 f:/embedded systems diploma/imt es diploma/00-tools/03-imt sdk/03- imt sdk/imt_sdk_win_64/imt_sdk_win_64/winavr/bin/../lib/gcc/avr/4.3.3/avr5\libgcc.a(_epilogue.o)
 .data          0x00800135        0x0 f:/embedded systems diploma/imt es diploma/00-tools/03-imt sdk/03- imt sdk/imt_sdk_win_64/imt_sdk_win_64/winavr/bin/../lib/gcc/avr/4.3.3/avr5\libgcc.a(_pack_sf.o)
 .data          0x00800135        0x0 f:/embedded systems diploma/imt es diploma/00-tools/03-imt sdk/03- imt sdk/imt_sdk_win_64/imt_sdk_win_64/winavr/bin/../lib/gcc/avr/4.3.3/avr5\libgcc.a(_unpack_sf.o)
 .data          0x00800135        0x0 f:/embedded systems diploma/imt es diploma/00-tools/03-imt sdk/03- imt sdk/imt_sdk_win_64/imt_sdk_win_64/winavr/bin/../lib/gcc/avr/4.3.3/avr5\libgcc.a(_fpcmp_parts_sf.o)
 .data          0x00800135        0x0 f:/embedded systems diploma/imt es diploma/00-tools/03-imt sdk/03- imt sdk/imt_sdk_win_64/imt_sdk_win_64/winavr/bin/../lib/gcc/avr/4.3.3/../../../../avr/lib/avr5\libc.a(itoa.o)
 .data          0x00800135        0x0 f:/embedded systems diploma/imt es diploma/00-tools/03-imt sdk/03- imt sdk/imt_sdk_win_64/imt_sdk_win_64/winavr/bin/../lib/gcc/avr/4.3.3/../../../../avr/lib/avr5\libc.a(strrev.o)
 *(.data*)
 *(.rodata)
 *(.rodata*)
 *(.gnu.linkonce.d*)
                0x00800136                . = ALIGN (0x2)
 *fill*         0x00800135        0x1 00
                0x00800136                _edata = .
                0x00800136                PROVIDE (__data_end, .)

.bss            0x00800136       0x2f
                0x00800136                PROVIDE (__bss_start, .)
 *(.bss)
 .bss           0x00800136        0x0 f:/embedded systems diploma/imt es diploma/00-tools/03-imt sdk/03- imt sdk/imt_sdk_win_64/imt_sdk_win_64/winavr/bin/../lib/gcc/avr/4.3.3/../../../../avr/lib/avr5/crtm16.o
 .bss           0x00800136        0x0 ./CLCD_program.o
 .bss           0x00800136        0x0 ./DIO_program.o
 .bss           0x00800136        0x0 ./EEPROM_program.o
 .bss           0x00800136        0x0 ./GIE_program.o
 .bss           0x00800136        0x0 ./KPD_program.o
 .bss           0x00800136        0x0 ./MAP_program.o
 .bss           0x00800136        0x0 ./SPI_program.o
 .bss           0x00800136        0x0 ./SvM_program.o
 .bss           0x00800136        0x0 ./TIMER_program.o
 .bss           0x00800136        0x0 ./main.o
 .bss           0x00800136        0x0 f:/embedded systems diploma/imt es diploma/00-tools/03-imt sdk/03- imt sdk/imt_sdk_win_64/imt_sdk_win_64/winavr/bin/../lib/gcc/avr/4.3.3/avr5\libgcc.a(_mulsi3.o)
 .bss           0x00800136        0x0 f:/embedded systems diploma/imt es diploma/00-tools/03-imt sdk/03- imt sdk/imt_sdk_win_64/imt_sdk_win_64/winavr/bin/../lib/gcc/avr/4.3.3/avr5\libgcc.a(_udivmodhi4.o)
 .bss           0x00800136        0x0 f:/embedded systems diploma/imt es diploma/00-tools/03-imt sdk/03- imt sdk/imt_sdk_win_64/imt_sdk_win_64/winavr/bin/../lib/gcc/avr/4.3.3/avr5\libgcc.a(_divmodhi4.o)
 .bss           0x00800136        0x0 f:/embedded systems diploma/imt es diploma/00-tools/03-imt sdk/03- imt sdk/imt_sdk_win_64/imt_sdk_win_64/winavr/bin/../lib/gcc/avr/4.3.3/avr5\libgcc.a(_udivmodsi4.o)
 .bss           0x00800136        0x0 f:/embedded systems diploma/imt es diploma/00-tools/03-imt sdk/03- imt sdk/imt_sdk_win_64/imt_sdk_win_64/winavr/bin/../lib/gcc/avr/4.3.3/avr5\libgcc.a(_divmodsi4.o)
 .bss           0x00800136        0x0 f:/embedded systems diploma/imt es diploma/00-tools/03-imt sdk/03- imt sdk/imt_sdk_win_64/imt_sdk_win_64/winavr/bin/../lib/gcc/avr/4.3.3/avr5\libgcc.a(_exit.o)
 .bss           0x00800136        0x0 f:/embedded systems diploma/imt es diploma/00-tools/03-imt sdk/03- imt sdk/imt_sdk_win_64/imt_sdk_win_64/winavr/bin/../lib/gcc/avr/4.3.3/avr5\libgcc.a(_copy_data.o)
 .bss           0x00800136        0x0 f:/embedded systems diploma/imt es diploma/00-tools/03-imt sdk/03- imt sdk/imt_sdk_win_64/imt_sdk_win_64/winavr/bin/../lib/gcc/avr/4.3.3/avr5\libgcc.a(_clear_bss.o)
 .bss           0x00800136        0x0 f:/embedded systems diploma/imt es diploma/00-tools/03-imt sdk/03- imt sdk/imt_sdk_win_64/imt_sdk_win_64/winavr/bin/../lib/gcc/avr/4.3.3/avr5\libgcc.a(_fixunssfsi.o)
 .bss           0x00800136        0x0 f:/embedded systems diploma/imt es diploma/00-tools/03-imt sdk/03- imt sdk/imt_sdk_win_64/imt_sdk_win_64/winavr/bin/../lib/gcc/avr/4.3.3/avr5\libgcc.a(_addsub_sf.o)
 .bss           0x00800136        0x0 f:/embedded systems diploma/imt es diploma/00-tools/03-imt sdk/03- imt sdk/imt_sdk_win_64/imt_sdk_win_64/winavr/bin/../lib/gcc/avr/4.3.3/avr5\libgcc.a(_mul_sf.o)
 .bss           0x00800136        0x0 f:/embedded systems diploma/imt es diploma/00-tools/03-imt sdk/03- imt sdk/imt_sdk_win_64/imt_sdk_win_64/winavr/bin/../lib/gcc/avr/4.3.3/avr5\libgcc.a(_div_sf.o)
 .bss           0x00800136        0x0 f:/embedded systems diploma/imt es diploma/00-tools/03-imt sdk/03- imt sdk/imt_sdk_win_64/imt_sdk_win_64/winavr/bin/../lib/gcc/avr/4.3.3/avr5\libgcc.a(_gt_sf.o)
 .bss           0x00800136        0x0 f:/embedded systems diploma/imt es diploma/00-tools/03-imt sdk/03- imt sdk/imt_sdk_win_64/imt_sdk_win_64/winavr/bin/../lib/gcc/avr/4.3.3/avr5\libgcc.a(_ge_sf.o)
 .bss           0x00800136        0x0 f:/embedded systems diploma/imt es diploma/00-tools/03-imt sdk/03- imt sdk/imt_sdk_win_64/imt_sdk_win_64/winavr/bin/../lib/gcc/avr/4.3.3/avr5\libgcc.a(_lt_sf.o)
 .bss           0x00800136        0x0 f:/embedded systems diploma/imt es diploma/00-tools/03-imt sdk/03- imt sdk/imt_sdk_win_64/imt_sdk_win_64/winavr/bin/../lib/gcc/avr/4.3.3/avr5\libgcc.a(_sf_to_si.o)
 .bss           0x00800136        0x0 f:/embedded systems diploma/imt es diploma/00-tools/03-imt sdk/03- imt sdk/imt_sdk_win_64/imt_sdk_win_64/winavr/bin/../lib/gcc/avr/4.3.3/avr5\libgcc.a(_thenan_sf.o)
 .bss           0x00800136        0x0 f:/embedded systems diploma/imt es diploma/00-tools/03-imt sdk/03- imt sdk/imt_sdk_win_64/imt_sdk_win_64/winavr/bin/../lib/gcc/avr/4.3.3/avr5\libgcc.a(_prologue.o)
 .bss           0x00800136        0x0 f:/embedded systems diploma/imt es diploma/00-tools/03-imt sdk/03- imt sdk/imt_sdk_win_64/imt_sdk_win_64/winavr/bin/../lib/gcc/avr/4.3.3/avr5\libgcc.a(_epilogue.o)
 .bss           0x00800136        0x0 f:/embedded systems diploma/imt es diploma/00-tools/03-imt sdk/03- imt sdk/imt_sdk_win_64/imt_sdk_win_64/winavr/bin/../lib/gcc/avr/4.3.3/avr5\libgcc.a(_pack_sf.o)
 .bss           0x00800136        0x0 f:/embedded systems diploma/imt es diploma/00-tools/03-imt sdk/03- imt sdk/imt_sdk_win_64/imt_sdk_win_64/winavr/bin/../lib/gcc/avr/4.3.3/avr5\libgcc.a(_unpack_sf.o)
 .bss           0x00800136        0x0 f:/embedded systems diploma/imt es diploma/00-tools/03-imt sdk/03- imt sdk/imt_sdk_win_64/imt_sdk_win_64/winavr/bin/../lib/gcc/avr/4.3.3/avr5\libgcc.a(_fpcmp_parts_sf.o)
 .bss           0x00800136        0x0 f:/embedded systems diploma/imt es diploma/00-tools/03-imt sdk/03- imt sdk/imt_sdk_win_64/imt_sdk_win_64/winavr/bin/../lib/gcc/avr/4.3.3/../../../../avr/lib/avr5\libc.a(itoa.o)
 .bss           0x00800136        0x0 f:/embedded systems diploma/imt es diploma/00-tools/03-imt sdk/03- imt sdk/imt_sdk_win_64/imt_sdk_win_64/winavr/bin/../lib/gcc/avr/4.3.3/../../../../avr/lib/avr5\libc.a(strrev.o)
 *(.bss*)
 .bss.u8SateSpecialCharIndx
                0x00800136        0x1 ./CLCD_program.o
 .bss.SPI_ISR   0x00800137        0x2 ./SPI_program.o
 .bss.Local_u16Counter.1346
                0x00800139        0x2 ./TIMER_program.o
 .bss.Local_u8Counter.1361
                0x0080013b        0x2 ./TIMER_program.o
 .bss.TIMER0_pSetCallBack
                0x0080013d        0x2 ./TIMER_program.o
 .bss.TIMER2_pSetCallBack
                0x0080013f        0x2 ./TIMER_program.o
 .bss.Timer1_pICUSetCallBack
                0x00800141        0x2 ./TIMER_program.o
 *(COMMON)
 COMMON         0x00800143       0x21 ./TIMER_program.o
                0x00800143                TIMER1_u8MODEPWM
                0x00800144                TIMER0_f32PreloodValue
                0x00800148                TIMER0_f32OVCounterTmp
                0x0080014c                TIMER0_u16Prescaller
                0x00800150                TIMER2_f32OVCounter
                0x00800154                TIMER2_u16Prescaller
                0x00800158                TIMER0_f32CounterCTC
                0x0080015c                TIMER2_f32CounterCTC
                0x00800160                TIMER2_f32PreloodValue
 COMMON         0x00800164        0x1 ./main.o
                0x00800164                SPI_VALUE
                0x00800165                PROVIDE (__bss_end, .)
                0x000064b6                __data_load_start = LOADADDR (.data)
                0x0000658c                __data_load_end = (__data_load_start + SIZEOF (.data))

.noinit         0x00800165        0x0
                0x00800165                PROVIDE (__noinit_start, .)
 *(.noinit*)
                0x00800165                PROVIDE (__noinit_end, .)
                0x00800165                _end = .
                0x00800165                PROVIDE (__heap_start, .)

.eeprom         0x00810000        0x0
 *(.eeprom*)
                0x00810000                __eeprom_end = .

.fuse
 *(.fuse)
 *(.lfuse)
 *(.hfuse)
 *(.efuse)

.lock
 *(.lock*)

.signature
 *(.signature*)

.stab           0x00000000     0x4e18
 *(.stab)
 .stab          0x00000000     0x1404 ./CLCD_program.o
 .stab          0x00001404      0x894 ./DIO_program.o
                                0x930 (size before relaxing)
 .stab          0x00001c98      0x21c ./EEPROM_program.o
                                0x2b8 (size before relaxing)
 .stab          0x00001eb4      0x144 ./GIE_program.o
                                0x1e0 (size before relaxing)
 .stab          0x00001ff8      0x36c ./KPD_program.o
                                0x594 (size before relaxing)
 .stab          0x00002364      0x1a4 ./MAP_program.o
                                0x240 (size before relaxing)
 .stab          0x00002508      0x390 ./SPI_program.o
                                0x42c (size before relaxing)
 .stab          0x00002898      0x258 ./SvM_program.o
                                0x2f4 (size before relaxing)
 .stab          0x00002af0      0xe28 ./TIMER_program.o
                                0xec4 (size before relaxing)
 .stab          0x00003918     0x1500 ./main.o
                               0x174c (size before relaxing)

.stabstr        0x00000000     0x17d1
 *(.stabstr)
 .stabstr       0x00000000     0x17d1 ./CLCD_program.o

.stab.excl
 *(.stab.excl)

.stab.exclstr
 *(.stab.exclstr)

.stab.index
 *(.stab.index)

.stab.indexstr
 *(.stab.indexstr)

.comment
 *(.comment)

.debug
 *(.debug)

.line
 *(.line)

.debug_srcinfo
 *(.debug_srcinfo)

.debug_sfnames
 *(.debug_sfnames)

.debug_aranges  0x00000000      0x160
 *(.debug_aranges)
 .debug_aranges
                0x00000000       0x20 f:/embedded systems diploma/imt es diploma/00-tools/03-imt sdk/03- imt sdk/imt_sdk_win_64/imt_sdk_win_64/winavr/bin/../lib/gcc/avr/4.3.3/avr5\libgcc.a(_fixunssfsi.o)
 .debug_aranges
                0x00000020       0x20 f:/embedded systems diploma/imt es diploma/00-tools/03-imt sdk/03- imt sdk/imt_sdk_win_64/imt_sdk_win_64/winavr/bin/../lib/gcc/avr/4.3.3/avr5\libgcc.a(_addsub_sf.o)
 .debug_aranges
                0x00000040       0x20 f:/embedded systems diploma/imt es diploma/00-tools/03-imt sdk/03- imt sdk/imt_sdk_win_64/imt_sdk_win_64/winavr/bin/../lib/gcc/avr/4.3.3/avr5\libgcc.a(_mul_sf.o)
 .debug_aranges
                0x00000060       0x20 f:/embedded systems diploma/imt es diploma/00-tools/03-imt sdk/03- imt sdk/imt_sdk_win_64/imt_sdk_win_64/winavr/bin/../lib/gcc/avr/4.3.3/avr5\libgcc.a(_div_sf.o)
 .debug_aranges
                0x00000080       0x20 f:/embedded systems diploma/imt es diploma/00-tools/03-imt sdk/03- imt sdk/imt_sdk_win_64/imt_sdk_win_64/winavr/bin/../lib/gcc/avr/4.3.3/avr5\libgcc.a(_gt_sf.o)
 .debug_aranges
                0x000000a0       0x20 f:/embedded systems diploma/imt es diploma/00-tools/03-imt sdk/03- imt sdk/imt_sdk_win_64/imt_sdk_win_64/winavr/bin/../lib/gcc/avr/4.3.3/avr5\libgcc.a(_ge_sf.o)
 .debug_aranges
                0x000000c0       0x20 f:/embedded systems diploma/imt es diploma/00-tools/03-imt sdk/03- imt sdk/imt_sdk_win_64/imt_sdk_win_64/winavr/bin/../lib/gcc/avr/4.3.3/avr5\libgcc.a(_lt_sf.o)
 .debug_aranges
                0x000000e0       0x20 f:/embedded systems diploma/imt es diploma/00-tools/03-imt sdk/03- imt sdk/imt_sdk_win_64/imt_sdk_win_64/winavr/bin/../lib/gcc/avr/4.3.3/avr5\libgcc.a(_sf_to_si.o)
 .debug_aranges
                0x00000100       0x20 f:/embedded systems diploma/imt es diploma/00-tools/03-imt sdk/03- imt sdk/imt_sdk_win_64/imt_sdk_win_64/winavr/bin/../lib/gcc/avr/4.3.3/avr5\libgcc.a(_pack_sf.o)
 .debug_aranges
                0x00000120       0x20 f:/embedded systems diploma/imt es diploma/00-tools/03-imt sdk/03- imt sdk/imt_sdk_win_64/imt_sdk_win_64/winavr/bin/../lib/gcc/avr/4.3.3/avr5\libgcc.a(_unpack_sf.o)
 .debug_aranges
                0x00000140       0x20 f:/embedded systems diploma/imt es diploma/00-tools/03-imt sdk/03- imt sdk/imt_sdk_win_64/imt_sdk_win_64/winavr/bin/../lib/gcc/avr/4.3.3/avr5\libgcc.a(_fpcmp_parts_sf.o)

.debug_pubnames
                0x00000000      0x18f
 *(.debug_pubnames)
 .debug_pubnames
                0x00000000       0x23 f:/embedded systems diploma/imt es diploma/00-tools/03-imt sdk/03- imt sdk/imt_sdk_win_64/imt_sdk_win_64/winavr/bin/../lib/gcc/avr/4.3.3/avr5\libgcc.a(_fixunssfsi.o)
 .debug_pubnames
                0x00000023       0x2c f:/embedded systems diploma/imt es diploma/00-tools/03-imt sdk/03- imt sdk/imt_sdk_win_64/imt_sdk_win_64/winavr/bin/../lib/gcc/avr/4.3.3/avr5\libgcc.a(_addsub_sf.o)
 .debug_pubnames
                0x0000004f       0x1f f:/embedded systems diploma/imt es diploma/00-tools/03-imt sdk/03- imt sdk/imt_sdk_win_64/imt_sdk_win_64/winavr/bin/../lib/gcc/avr/4.3.3/avr5\libgcc.a(_mul_sf.o)
 .debug_pubnames
                0x0000006e       0x1f f:/embedded systems diploma/imt es diploma/00-tools/03-imt sdk/03- imt sdk/imt_sdk_win_64/imt_sdk_win_64/winavr/bin/../lib/gcc/avr/4.3.3/avr5\libgcc.a(_div_sf.o)
 .debug_pubnames
                0x0000008d       0x1e f:/embedded systems diploma/imt es diploma/00-tools/03-imt sdk/03- imt sdk/imt_sdk_win_64/imt_sdk_win_64/winavr/bin/../lib/gcc/avr/4.3.3/avr5\libgcc.a(_gt_sf.o)
 .debug_pubnames
                0x000000ab       0x1e f:/embedded systems diploma/imt es diploma/00-tools/03-imt sdk/03- imt sdk/imt_sdk_win_64/imt_sdk_win_64/winavr/bin/../lib/gcc/avr/4.3.3/avr5\libgcc.a(_ge_sf.o)
 .debug_pubnames
                0x000000c9       0x1e f:/embedded systems diploma/imt es diploma/00-tools/03-imt sdk/03- imt sdk/imt_sdk_win_64/imt_sdk_win_64/winavr/bin/../lib/gcc/avr/4.3.3/avr5\libgcc.a(_lt_sf.o)
 .debug_pubnames
                0x000000e7       0x20 f:/embedded systems diploma/imt es diploma/00-tools/03-imt sdk/03- imt sdk/imt_sdk_win_64/imt_sdk_win_64/winavr/bin/../lib/gcc/avr/4.3.3/avr5\libgcc.a(_sf_to_si.o)
 .debug_pubnames
                0x00000107       0x22 f:/embedded systems diploma/imt es diploma/00-tools/03-imt sdk/03- imt sdk/imt_sdk_win_64/imt_sdk_win_64/winavr/bin/../lib/gcc/avr/4.3.3/avr5\libgcc.a(_thenan_sf.o)
 .debug_pubnames
                0x00000129       0x1f f:/embedded systems diploma/imt es diploma/00-tools/03-imt sdk/03- imt sdk/imt_sdk_win_64/imt_sdk_win_64/winavr/bin/../lib/gcc/avr/4.3.3/avr5\libgcc.a(_pack_sf.o)
 .debug_pubnames
                0x00000148       0x21 f:/embedded systems diploma/imt es diploma/00-tools/03-imt sdk/03- imt sdk/imt_sdk_win_64/imt_sdk_win_64/winavr/bin/../lib/gcc/avr/4.3.3/avr5\libgcc.a(_unpack_sf.o)
 .debug_pubnames
                0x00000169       0x26 f:/embedded systems diploma/imt es diploma/00-tools/03-imt sdk/03- imt sdk/imt_sdk_win_64/imt_sdk_win_64/winavr/bin/../lib/gcc/avr/4.3.3/avr5\libgcc.a(_fpcmp_parts_sf.o)

.debug_info     0x00000000     0x2045
 *(.debug_info)
 .debug_info    0x00000000       0xb1 f:/embedded systems diploma/imt es diploma/00-tools/03-imt sdk/03- imt sdk/imt_sdk_win_64/imt_sdk_win_64/winavr/bin/../lib/gcc/avr/4.3.3/avr5\libgcc.a(_fixunssfsi.o)
 .debug_info    0x000000b1      0x47a f:/embedded systems diploma/imt es diploma/00-tools/03-imt sdk/03- imt sdk/imt_sdk_win_64/imt_sdk_win_64/winavr/bin/../lib/gcc/avr/4.3.3/avr5\libgcc.a(_addsub_sf.o)
 .debug_info    0x0000052b      0x485 f:/embedded systems diploma/imt es diploma/00-tools/03-imt sdk/03- imt sdk/imt_sdk_win_64/imt_sdk_win_64/winavr/bin/../lib/gcc/avr/4.3.3/avr5\libgcc.a(_mul_sf.o)
 .debug_info    0x000009b0      0x3fc f:/embedded systems diploma/imt es diploma/00-tools/03-imt sdk/03- imt sdk/imt_sdk_win_64/imt_sdk_win_64/winavr/bin/../lib/gcc/avr/4.3.3/avr5\libgcc.a(_div_sf.o)
 .debug_info    0x00000dac      0x27f f:/embedded systems diploma/imt es diploma/00-tools/03-imt sdk/03- imt sdk/imt_sdk_win_64/imt_sdk_win_64/winavr/bin/../lib/gcc/avr/4.3.3/avr5\libgcc.a(_gt_sf.o)
 .debug_info    0x0000102b      0x27f f:/embedded systems diploma/imt es diploma/00-tools/03-imt sdk/03- imt sdk/imt_sdk_win_64/imt_sdk_win_64/winavr/bin/../lib/gcc/avr/4.3.3/avr5\libgcc.a(_ge_sf.o)
 .debug_info    0x000012aa      0x27f f:/embedded systems diploma/imt es diploma/00-tools/03-imt sdk/03- imt sdk/imt_sdk_win_64/imt_sdk_win_64/winavr/bin/../lib/gcc/avr/4.3.3/avr5\libgcc.a(_lt_sf.o)
 .debug_info    0x00001529      0x2b0 f:/embedded systems diploma/imt es diploma/00-tools/03-imt sdk/03- imt sdk/imt_sdk_win_64/imt_sdk_win_64/winavr/bin/../lib/gcc/avr/4.3.3/avr5\libgcc.a(_sf_to_si.o)
 .debug_info    0x000017d9      0x12c f:/embedded systems diploma/imt es diploma/00-tools/03-imt sdk/03- imt sdk/imt_sdk_win_64/imt_sdk_win_64/winavr/bin/../lib/gcc/avr/4.3.3/avr5\libgcc.a(_thenan_sf.o)
 .debug_info    0x00001905      0x2df f:/embedded systems diploma/imt es diploma/00-tools/03-imt sdk/03- imt sdk/imt_sdk_win_64/imt_sdk_win_64/winavr/bin/../lib/gcc/avr/4.3.3/avr5\libgcc.a(_pack_sf.o)
 .debug_info    0x00001be4      0x251 f:/embedded systems diploma/imt es diploma/00-tools/03-imt sdk/03- imt sdk/imt_sdk_win_64/imt_sdk_win_64/winavr/bin/../lib/gcc/avr/4.3.3/avr5\libgcc.a(_unpack_sf.o)
 .debug_info    0x00001e35      0x210 f:/embedded systems diploma/imt es diploma/00-tools/03-imt sdk/03- imt sdk/imt_sdk_win_64/imt_sdk_win_64/winavr/bin/../lib/gcc/avr/4.3.3/avr5\libgcc.a(_fpcmp_parts_sf.o)
 *(.gnu.linkonce.wi.*)

.debug_abbrev   0x00000000     0x1101
 *(.debug_abbrev)
 .debug_abbrev  0x00000000       0x5d f:/embedded systems diploma/imt es diploma/00-tools/03-imt sdk/03- imt sdk/imt_sdk_win_64/imt_sdk_win_64/winavr/bin/../lib/gcc/avr/4.3.3/avr5\libgcc.a(_fixunssfsi.o)
 .debug_abbrev  0x0000005d      0x1ea f:/embedded systems diploma/imt es diploma/00-tools/03-imt sdk/03- imt sdk/imt_sdk_win_64/imt_sdk_win_64/winavr/bin/../lib/gcc/avr/4.3.3/avr5\libgcc.a(_addsub_sf.o)
 .debug_abbrev  0x00000247      0x21b f:/embedded systems diploma/imt es diploma/00-tools/03-imt sdk/03- imt sdk/imt_sdk_win_64/imt_sdk_win_64/winavr/bin/../lib/gcc/avr/4.3.3/avr5\libgcc.a(_mul_sf.o)
 .debug_abbrev  0x00000462      0x216 f:/embedded systems diploma/imt es diploma/00-tools/03-imt sdk/03- imt sdk/imt_sdk_win_64/imt_sdk_win_64/winavr/bin/../lib/gcc/avr/4.3.3/avr5\libgcc.a(_div_sf.o)
 .debug_abbrev  0x00000678      0x15a f:/embedded systems diploma/imt es diploma/00-tools/03-imt sdk/03- imt sdk/imt_sdk_win_64/imt_sdk_win_64/winavr/bin/../lib/gcc/avr/4.3.3/avr5\libgcc.a(_gt_sf.o)
 .debug_abbrev  0x000007d2      0x15a f:/embedded systems diploma/imt es diploma/00-tools/03-imt sdk/03- imt sdk/imt_sdk_win_64/imt_sdk_win_64/winavr/bin/../lib/gcc/avr/4.3.3/avr5\libgcc.a(_ge_sf.o)
 .debug_abbrev  0x0000092c      0x15a f:/embedded systems diploma/imt es diploma/00-tools/03-imt sdk/03- imt sdk/imt_sdk_win_64/imt_sdk_win_64/winavr/bin/../lib/gcc/avr/4.3.3/avr5\libgcc.a(_lt_sf.o)
 .debug_abbrev  0x00000a86      0x17f f:/embedded systems diploma/imt es diploma/00-tools/03-imt sdk/03- imt sdk/imt_sdk_win_64/imt_sdk_win_64/winavr/bin/../lib/gcc/avr/4.3.3/avr5\libgcc.a(_sf_to_si.o)
 .debug_abbrev  0x00000c05       0xad f:/embedded systems diploma/imt es diploma/00-tools/03-imt sdk/03- imt sdk/imt_sdk_win_64/imt_sdk_win_64/winavr/bin/../lib/gcc/avr/4.3.3/avr5\libgcc.a(_thenan_sf.o)
 .debug_abbrev  0x00000cb2      0x1c0 f:/embedded systems diploma/imt es diploma/00-tools/03-imt sdk/03- imt sdk/imt_sdk_win_64/imt_sdk_win_64/winavr/bin/../lib/gcc/avr/4.3.3/avr5\libgcc.a(_pack_sf.o)
 .debug_abbrev  0x00000e72      0x154 f:/embedded systems diploma/imt es diploma/00-tools/03-imt sdk/03- imt sdk/imt_sdk_win_64/imt_sdk_win_64/winavr/bin/../lib/gcc/avr/4.3.3/avr5\libgcc.a(_unpack_sf.o)
 .debug_abbrev  0x00000fc6      0x13b f:/embedded systems diploma/imt es diploma/00-tools/03-imt sdk/03- imt sdk/imt_sdk_win_64/imt_sdk_win_64/winavr/bin/../lib/gcc/avr/4.3.3/avr5\libgcc.a(_fpcmp_parts_sf.o)

.debug_line     0x00000000      0xf82
 *(.debug_line)
 .debug_line    0x00000000       0xa7 f:/embedded systems diploma/imt es diploma/00-tools/03-imt sdk/03- imt sdk/imt_sdk_win_64/imt_sdk_win_64/winavr/bin/../lib/gcc/avr/4.3.3/avr5\libgcc.a(_fixunssfsi.o)
 .debug_line    0x000000a7      0x2af f:/embedded systems diploma/imt es diploma/00-tools/03-imt sdk/03- imt sdk/imt_sdk_win_64/imt_sdk_win_64/winavr/bin/../lib/gcc/avr/4.3.3/avr5\libgcc.a(_addsub_sf.o)
 .debug_line    0x00000356      0x239 f:/embedded systems diploma/imt es diploma/00-tools/03-imt sdk/03- imt sdk/imt_sdk_win_64/imt_sdk_win_64/winavr/bin/../lib/gcc/avr/4.3.3/avr5\libgcc.a(_mul_sf.o)
 .debug_line    0x0000058f      0x1d5 f:/embedded systems diploma/imt es diploma/00-tools/03-imt sdk/03- imt sdk/imt_sdk_win_64/imt_sdk_win_64/winavr/bin/../lib/gcc/avr/4.3.3/avr5\libgcc.a(_div_sf.o)
 .debug_line    0x00000764       0xd3 f:/embedded systems diploma/imt es diploma/00-tools/03-imt sdk/03- imt sdk/imt_sdk_win_64/imt_sdk_win_64/winavr/bin/../lib/gcc/avr/4.3.3/avr5\libgcc.a(_gt_sf.o)
 .debug_line    0x00000837       0xd3 f:/embedded systems diploma/imt es diploma/00-tools/03-imt sdk/03- imt sdk/imt_sdk_win_64/imt_sdk_win_64/winavr/bin/../lib/gcc/avr/4.3.3/avr5\libgcc.a(_ge_sf.o)
 .debug_line    0x0000090a       0xd3 f:/embedded systems diploma/imt es diploma/00-tools/03-imt sdk/03- imt sdk/imt_sdk_win_64/imt_sdk_win_64/winavr/bin/../lib/gcc/avr/4.3.3/avr5\libgcc.a(_lt_sf.o)
 .debug_line    0x000009dd      0x109 f:/embedded systems diploma/imt es diploma/00-tools/03-imt sdk/03- imt sdk/imt_sdk_win_64/imt_sdk_win_64/winavr/bin/../lib/gcc/avr/4.3.3/avr5\libgcc.a(_sf_to_si.o)
 .debug_line    0x00000ae6       0x90 f:/embedded systems diploma/imt es diploma/00-tools/03-imt sdk/03- imt sdk/imt_sdk_win_64/imt_sdk_win_64/winavr/bin/../lib/gcc/avr/4.3.3/avr5\libgcc.a(_thenan_sf.o)
 .debug_line    0x00000b76      0x18a f:/embedded systems diploma/imt es diploma/00-tools/03-imt sdk/03- imt sdk/imt_sdk_win_64/imt_sdk_win_64/winavr/bin/../lib/gcc/avr/4.3.3/avr5\libgcc.a(_pack_sf.o)
 .debug_line    0x00000d00      0x14b f:/embedded systems diploma/imt es diploma/00-tools/03-imt sdk/03- imt sdk/imt_sdk_win_64/imt_sdk_win_64/winavr/bin/../lib/gcc/avr/4.3.3/avr5\libgcc.a(_unpack_sf.o)
 .debug_line    0x00000e4b      0x137 f:/embedded systems diploma/imt es diploma/00-tools/03-imt sdk/03- imt sdk/imt_sdk_win_64/imt_sdk_win_64/winavr/bin/../lib/gcc/avr/4.3.3/avr5\libgcc.a(_fpcmp_parts_sf.o)

.debug_frame    0x00000000      0x180
 *(.debug_frame)
 .debug_frame   0x00000000       0x20 f:/embedded systems diploma/imt es diploma/00-tools/03-imt sdk/03- imt sdk/imt_sdk_win_64/imt_sdk_win_64/winavr/bin/../lib/gcc/avr/4.3.3/avr5\libgcc.a(_fixunssfsi.o)
 .debug_frame   0x00000020       0x40 f:/embedded systems diploma/imt es diploma/00-tools/03-imt sdk/03- imt sdk/imt_sdk_win_64/imt_sdk_win_64/winavr/bin/../lib/gcc/avr/4.3.3/avr5\libgcc.a(_addsub_sf.o)
 .debug_frame   0x00000060       0x20 f:/embedded systems diploma/imt es diploma/00-tools/03-imt sdk/03- imt sdk/imt_sdk_win_64/imt_sdk_win_64/winavr/bin/../lib/gcc/avr/4.3.3/avr5\libgcc.a(_mul_sf.o)
 .debug_frame   0x00000080       0x20 f:/embedded systems diploma/imt es diploma/00-tools/03-imt sdk/03- imt sdk/imt_sdk_win_64/imt_sdk_win_64/winavr/bin/../lib/gcc/avr/4.3.3/avr5\libgcc.a(_div_sf.o)
 .debug_frame   0x000000a0       0x20 f:/embedded systems diploma/imt es diploma/00-tools/03-imt sdk/03- imt sdk/imt_sdk_win_64/imt_sdk_win_64/winavr/bin/../lib/gcc/avr/4.3.3/avr5\libgcc.a(_gt_sf.o)
 .debug_frame   0x000000c0       0x20 f:/embedded systems diploma/imt es diploma/00-tools/03-imt sdk/03- imt sdk/imt_sdk_win_64/imt_sdk_win_64/winavr/bin/../lib/gcc/avr/4.3.3/avr5\libgcc.a(_ge_sf.o)
 .debug_frame   0x000000e0       0x20 f:/embedded systems diploma/imt es diploma/00-tools/03-imt sdk/03- imt sdk/imt_sdk_win_64/imt_sdk_win_64/winavr/bin/../lib/gcc/avr/4.3.3/avr5\libgcc.a(_lt_sf.o)
 .debug_frame   0x00000100       0x20 f:/embedded systems diploma/imt es diploma/00-tools/03-imt sdk/03- imt sdk/imt_sdk_win_64/imt_sdk_win_64/winavr/bin/../lib/gcc/avr/4.3.3/avr5\libgcc.a(_sf_to_si.o)
 .debug_frame   0x00000120       0x20 f:/embedded systems diploma/imt es diploma/00-tools/03-imt sdk/03- imt sdk/imt_sdk_win_64/imt_sdk_win_64/winavr/bin/../lib/gcc/avr/4.3.3/avr5\libgcc.a(_pack_sf.o)
 .debug_frame   0x00000140       0x20 f:/embedded systems diploma/imt es diploma/00-tools/03-imt sdk/03- imt sdk/imt_sdk_win_64/imt_sdk_win_64/winavr/bin/../lib/gcc/avr/4.3.3/avr5\libgcc.a(_unpack_sf.o)
 .debug_frame   0x00000160       0x20 f:/embedded systems diploma/imt es diploma/00-tools/03-imt sdk/03- imt sdk/imt_sdk_win_64/imt_sdk_win_64/winavr/bin/../lib/gcc/avr/4.3.3/avr5\libgcc.a(_fpcmp_parts_sf.o)

.debug_str      0x00000000      0x2c2
 *(.debug_str)
 .debug_str     0x00000000       0xbf f:/embedded systems diploma/imt es diploma/00-tools/03-imt sdk/03- imt sdk/imt_sdk_win_64/imt_sdk_win_64/winavr/bin/../lib/gcc/avr/4.3.3/avr5\libgcc.a(_fixunssfsi.o)
                                 0xfe (size before relaxing)
 .debug_str     0x000000bf      0x14d f:/embedded systems diploma/imt es diploma/00-tools/03-imt sdk/03- imt sdk/imt_sdk_win_64/imt_sdk_win_64/winavr/bin/../lib/gcc/avr/4.3.3/avr5\libgcc.a(_addsub_sf.o)
                                0x206 (size before relaxing)
 .debug_str     0x0000020c       0x27 f:/embedded systems diploma/imt es diploma/00-tools/03-imt sdk/03- imt sdk/imt_sdk_win_64/imt_sdk_win_64/winavr/bin/../lib/gcc/avr/4.3.3/avr5\libgcc.a(_mul_sf.o)
                                0x1bf (size before relaxing)
 .debug_str     0x00000233       0x35 f:/embedded systems diploma/imt es diploma/00-tools/03-imt sdk/03- imt sdk/imt_sdk_win_64/imt_sdk_win_64/winavr/bin/../lib/gcc/avr/4.3.3/avr5\libgcc.a(_div_sf.o)
                                0x1c8 (size before relaxing)
 .debug_str     0x00000268        0xf f:/embedded systems diploma/imt es diploma/00-tools/03-imt sdk/03- imt sdk/imt_sdk_win_64/imt_sdk_win_64/winavr/bin/../lib/gcc/avr/4.3.3/avr5\libgcc.a(_gt_sf.o)
                                0x195 (size before relaxing)
 .debug_str     0x00000277        0x8 f:/embedded systems diploma/imt es diploma/00-tools/03-imt sdk/03- imt sdk/imt_sdk_win_64/imt_sdk_win_64/winavr/bin/../lib/gcc/avr/4.3.3/avr5\libgcc.a(_ge_sf.o)
                                0x195 (size before relaxing)
 .debug_str     0x0000027f        0x8 f:/embedded systems diploma/imt es diploma/00-tools/03-imt sdk/03- imt sdk/imt_sdk_win_64/imt_sdk_win_64/winavr/bin/../lib/gcc/avr/4.3.3/avr5\libgcc.a(_lt_sf.o)
                                0x195 (size before relaxing)
 .debug_str     0x00000287        0xa f:/embedded systems diploma/imt es diploma/00-tools/03-imt sdk/03- imt sdk/imt_sdk_win_64/imt_sdk_win_64/winavr/bin/../lib/gcc/avr/4.3.3/avr5\libgcc.a(_sf_to_si.o)
                                0x19e (size before relaxing)
 .debug_str     0x00000000      0x103 f:/embedded systems diploma/imt es diploma/00-tools/03-imt sdk/03- imt sdk/imt_sdk_win_64/imt_sdk_win_64/winavr/bin/../lib/gcc/avr/4.3.3/avr5\libgcc.a(_thenan_sf.o)
 .debug_str     0x00000291       0x16 f:/embedded systems diploma/imt es diploma/00-tools/03-imt sdk/03- imt sdk/imt_sdk_win_64/imt_sdk_win_64/winavr/bin/../lib/gcc/avr/4.3.3/avr5\libgcc.a(_pack_sf.o)
                                0x19d (size before relaxing)
 .debug_str     0x000002a7        0xb f:/embedded systems diploma/imt es diploma/00-tools/03-imt sdk/03- imt sdk/imt_sdk_win_64/imt_sdk_win_64/winavr/bin/../lib/gcc/avr/4.3.3/avr5\libgcc.a(_unpack_sf.o)
                                0x17f (size before relaxing)
 .debug_str     0x000002b2       0x10 f:/embedded systems diploma/imt es diploma/00-tools/03-imt sdk/03- imt sdk/imt_sdk_win_64/imt_sdk_win_64/winavr/bin/../lib/gcc/avr/4.3.3/avr5\libgcc.a(_fpcmp_parts_sf.o)
                                0x163 (size before relaxing)

.debug_loc      0x00000000      0x88e
 *(.debug_loc)
 .debug_loc     0x00000000       0x34 f:/embedded systems diploma/imt es diploma/00-tools/03-imt sdk/03- imt sdk/imt_sdk_win_64/imt_sdk_win_64/winavr/bin/../lib/gcc/avr/4.3.3/avr5\libgcc.a(_fixunssfsi.o)
 .debug_loc     0x00000034      0x32a f:/embedded systems diploma/imt es diploma/00-tools/03-imt sdk/03- imt sdk/imt_sdk_win_64/imt_sdk_win_64/winavr/bin/../lib/gcc/avr/4.3.3/avr5\libgcc.a(_addsub_sf.o)
 .debug_loc     0x0000035e      0x104 f:/embedded systems diploma/imt es diploma/00-tools/03-imt sdk/03- imt sdk/imt_sdk_win_64/imt_sdk_win_64/winavr/bin/../lib/gcc/avr/4.3.3/avr5\libgcc.a(_mul_sf.o)
 .debug_loc     0x00000462       0xc0 f:/embedded systems diploma/imt es diploma/00-tools/03-imt sdk/03- imt sdk/imt_sdk_win_64/imt_sdk_win_64/winavr/bin/../lib/gcc/avr/4.3.3/avr5\libgcc.a(_div_sf.o)
 .debug_loc     0x00000522       0x3c f:/embedded systems diploma/imt es diploma/00-tools/03-imt sdk/03- imt sdk/imt_sdk_win_64/imt_sdk_win_64/winavr/bin/../lib/gcc/avr/4.3.3/avr5\libgcc.a(_gt_sf.o)
 .debug_loc     0x0000055e       0x3c f:/embedded systems diploma/imt es diploma/00-tools/03-imt sdk/03- imt sdk/imt_sdk_win_64/imt_sdk_win_64/winavr/bin/../lib/gcc/avr/4.3.3/avr5\libgcc.a(_ge_sf.o)
 .debug_loc     0x0000059a       0x3c f:/embedded systems diploma/imt es diploma/00-tools/03-imt sdk/03- imt sdk/imt_sdk_win_64/imt_sdk_win_64/winavr/bin/../lib/gcc/avr/4.3.3/avr5\libgcc.a(_lt_sf.o)
 .debug_loc     0x000005d6       0x7e f:/embedded systems diploma/imt es diploma/00-tools/03-imt sdk/03- imt sdk/imt_sdk_win_64/imt_sdk_win_64/winavr/bin/../lib/gcc/avr/4.3.3/avr5\libgcc.a(_sf_to_si.o)
 .debug_loc     0x00000654      0x13e f:/embedded systems diploma/imt es diploma/00-tools/03-imt sdk/03- imt sdk/imt_sdk_win_64/imt_sdk_win_64/winavr/bin/../lib/gcc/avr/4.3.3/avr5\libgcc.a(_pack_sf.o)
 .debug_loc     0x00000792       0xac f:/embedded systems diploma/imt es diploma/00-tools/03-imt sdk/03- imt sdk/imt_sdk_win_64/imt_sdk_win_64/winavr/bin/../lib/gcc/avr/4.3.3/avr5\libgcc.a(_unpack_sf.o)
 .debug_loc     0x0000083e       0x50 f:/embedded systems diploma/imt es diploma/00-tools/03-imt sdk/03- imt sdk/imt_sdk_win_64/imt_sdk_win_64/winavr/bin/../lib/gcc/avr/4.3.3/avr5\libgcc.a(_fpcmp_parts_sf.o)

.debug_macinfo
 *(.debug_macinfo)
OUTPUT(Smart_Home_2.elf elf32-avr)
LOAD linker stubs

.debug_ranges   0x00000000       0x50
 .debug_ranges  0x00000000       0x50 f:/embedded systems diploma/imt es diploma/00-tools/03-imt sdk/03- imt sdk/imt_sdk_win_64/imt_sdk_win_64/winavr/bin/../lib/gcc/avr/4.3.3/avr5\libgcc.a(_mul_sf.o)
